// Jest Snapshot v1, https://goo.gl/fbAQLP

exports[`withAuthScreen is rendered correctly 1`] = `<div />`;
