// Jest Snapshot v1, https://goo.gl/fbAQLP

exports[`Should AuthFormError render correctly 1`] = `
<div
  className="sign-in__message"
>
  
</div>
`;
