// Jest Snapshot v1, https://goo.gl/fbAQLP

exports[`Should MyListScreen render correctly 1`] = `
<div
  className="user-page"
>
  <header
    className="page-header user-page__head"
  >
    <div
      className="logo"
    >
      <a
        className="logo__link"
        href="/"
        onClick={[Function]}
      >
        <span
          className="logo__letter logo__letter--1"
        >
          W
        </span>
        <span
          className="logo__letter logo__letter--2"
        >
          T
        </span>
        <span
          className="logo__letter logo__letter--3"
        >
          W
        </span>
      </a>
    </div>
    <h1
      className="page-title user-page__title"
    >
      My list
    </h1>
    <UserBlock />
  </header>
  <section
    className="catalog"
  >
    <h2
      className="catalog__title visually-hidden"
    >
      Catalog
    </h2>
    <div
      className="catalog__movies-list"
    >
      <article
        className="small-movie-card catalog__movies-card"
        data-id={1}
        onClick={[Function]}
        onMouseEnter={[Function]}
        onMouseLeave={[Function]}
      >
        <div
          className="small-movie-card__image"
        >
          <img
            alt="The Grand Budapest Hotel"
            height="175"
            src="img/the-grand-budapest-hotel-poster.jpg"
            width="280"
          />
        </div>
        <h3
          className="small-movie-card__title"
        >
          <a
            className="small-movie-card__link"
            href="/films/1"
            onClick={[Function]}
          >
            The Grand Budapest Hotel
          </a>
        </h3>
      </article>
      <article
        className="small-movie-card catalog__movies-card"
        data-id={2}
        onClick={[Function]}
        onMouseEnter={[Function]}
        onMouseLeave={[Function]}
      >
        <div
          className="small-movie-card__image"
        >
          <img
            alt="The Grand Budapest Hotel"
            height="175"
            src="img/the-grand-budapest-hotel-poster.jpg"
            width="280"
          />
        </div>
        <h3
          className="small-movie-card__title"
        >
          <a
            className="small-movie-card__link"
            href="/films/2"
            onClick={[Function]}
          >
            The Grand Budapest Hotel
          </a>
        </h3>
      </article>
    </div>
  </section>
  <footer
    className="page-footer"
  >
    <div
      className="logo"
    >
      <a
        className="logo__link logo__link--light"
        href="/"
        onClick={[Function]}
      >
        <span
          className="logo__letter logo__letter--1"
        >
          W
        </span>
        <span
          className="logo__letter logo__letter--2"
        >
          T
        </span>
        <span
          className="logo__letter logo__letter--3"
        >
          W
        </span>
      </a>
    </div>
    <div
      className="copyright"
    >
      <p>
        Â© 2019 What to watch Ltd.
      </p>
    </div>
  </footer>
</div>
`;
