// Jest Snapshot v1, https://goo.gl/fbAQLP

exports[`withPlayerScreen is rendered correctly 1`] = `
<video
  className="player__video"
  poster="img/the-grand-budapest-hotel-poster.jpg"
  src="https://some-link"
/>
`;
